[backblue.gif]
[fade.gif]
[index.html]
[r4ds.had.co.nz/cover.png]
[r4ds.had.co.nz/libs/jquery-2.2.3/jquery.min.js]
[r4ds.had.co.nz/libs/htmlwidgets-0.8/htmlwidgets.js]
[r4ds.had.co.nz/libs/str_view-binding-1.2.0/str_view.js]
[r4ds.had.co.nz/libs/leaflet-0.7.7/leaflet.js]
[r4ds.had.co.nz/libs/leaflet-label-0.2.2/leaflet.label.js]
[r4ds.had.co.nz/libs/Proj4Leaflet-0.7.2/proj4-compressed.js]
[r4ds.had.co.nz/libs/Proj4Leaflet-0.7.2/proj4leaflet.js]
[r4ds.had.co.nz/libs/leaflet-binding-1.1.0/leaflet.js]
[r4ds.had.co.nz/libs/gitbook-2.6.7/js/app.min.js]
[r4ds.had.co.nz/libs/gitbook-2.6.7/js/lunr.js]
[r4ds.had.co.nz/libs/gitbook-2.6.7/js/plugin-search.js]
[r4ds.had.co.nz/libs/gitbook-2.6.7/js/plugin-sharing.js]
[r4ds.had.co.nz/libs/gitbook-2.6.7/js/plugin-fontsettings.js]
[r4ds.had.co.nz/libs/gitbook-2.6.7/js/plugin-bookdown.js]
[r4ds.had.co.nz/index.html]
[r4ds.had.co.nz/libs/gitbook-2.6.7/js/jquery.highlight.js]
[r4ds.had.co.nz/diagrams/data-science.png]
[r4ds.had.co.nz/introduction.html]
[r4ds.had.co.nz/diagrams/rstudio-console.png]
[r4ds.had.co.nz/libs/gitbook-2.6.7/css/style.css]
[r4ds.had.co.nz/libs/gitbook-2.6.7/css/plugin-bookdown.css]
[r4ds.had.co.nz/libs/gitbook-2.6.7/css/plugin-highlight.css]
[r4ds.had.co.nz/libs/gitbook-2.6.7/css/plugin-search.css]
[r4ds.had.co.nz/libs/gitbook-2.6.7/css/plugin-fontsettings.css]
[r4ds.had.co.nz/libs/str_view-0.1.0/str_view.css]
[r4ds.had.co.nz/libs/gitbook-2.6.7/css/fontawesome/fontawesome-webfont862f.ttf]
[r4ds.had.co.nz/libs/leaflet-0.7.7/images/layers.png]
[r4ds.had.co.nz/libs/leaflet-0.7.7/leaflet.css]
[r4ds.had.co.nz/libs/leafletfix-1.0.0/leafletfix.css]
[r4ds.had.co.nz/libs/leaflet-label-0.2.2/leaflet.label.css]
[r4ds.had.co.nz/r4ds.css]
[r4ds.had.co.nz/index-2.html]
[r4ds.had.co.nz/libs/leaflet-0.7.7/images/layers-2x.png]
[r4ds.had.co.nz/explore-intro.html]
[r4ds.had.co.nz/diagrams/data-science-explore.png]
[r4ds.had.co.nz/visualize_files/figure-html/unnamed-chunk-4-1.png]
[r4ds.had.co.nz/visualize_files/figure-html/unnamed-chunk-6-1.png]
[r4ds.had.co.nz/visualize_files/figure-html/unnamed-chunk-7-1.png]
[r4ds.had.co.nz/visualize_files/figure-html/unnamed-chunk-8-1.png]
[r4ds.had.co.nz/visualize_files/figure-html/unnamed-chunk-9-1.png]
[r4ds.had.co.nz/visualize_files/figure-html/unnamed-chunk-10-1.png]
[r4ds.had.co.nz/visualize_files/figure-html/unnamed-chunk-10-2.png]
[r4ds.had.co.nz/visualize_files/figure-html/unnamed-chunk-11-1.png]
[r4ds.had.co.nz/visualize_files/figure-html/shapes-1.png]
[r4ds.had.co.nz/visualize_files/figure-html/unnamed-chunk-12-1.png]
[r4ds.had.co.nz/visualize_files/figure-html/unnamed-chunk-13-1.png]
[r4ds.had.co.nz/visualize_files/figure-html/unnamed-chunk-14-1.png]
[r4ds.had.co.nz/visualize_files/figure-html/unnamed-chunk-18-1.png]
[r4ds.had.co.nz/visualize_files/figure-html/unnamed-chunk-18-2.png]
[r4ds.had.co.nz/visualize_files/figure-html/unnamed-chunk-20-1.png]
[r4ds.had.co.nz/visualize_files/figure-html/unnamed-chunk-21-1.png]
[r4ds.had.co.nz/visualize_files/figure-html/unnamed-chunk-22-1.png]
[r4ds.had.co.nz/visualize_files/figure-html/unnamed-chunk-22-2.png]
[r4ds.had.co.nz/visualize_files/figure-html/unnamed-chunk-22-3.png]
[r4ds.had.co.nz/visualize_files/figure-html/unnamed-chunk-23-1.png]
[r4ds.had.co.nz/visualize_files/figure-html/unnamed-chunk-25-1.png]
[r4ds.had.co.nz/visualize_files/figure-html/unnamed-chunk-26-1.png]
[r4ds.had.co.nz/visualize_files/figure-html/unnamed-chunk-29-1.png]
[r4ds.had.co.nz/visualize_files/figure-html/unnamed-chunk-29-2.png]
[r4ds.had.co.nz/visualize_files/figure-html/unnamed-chunk-29-3.png]
[r4ds.had.co.nz/visualize_files/figure-html/unnamed-chunk-29-4.png]
[r4ds.had.co.nz/visualize_files/figure-html/unnamed-chunk-29-5.png]
[r4ds.had.co.nz/visualize_files/figure-html/unnamed-chunk-29-6.png]
[r4ds.had.co.nz/visualize_files/figure-html/unnamed-chunk-30-1.png]
[r4ds.had.co.nz/images/visualization-stat-bar.png]
[r4ds.had.co.nz/visualize_files/figure-html/unnamed-chunk-32-1.png]
[r4ds.had.co.nz/visualize_files/figure-html/unnamed-chunk-33-1.png]
[r4ds.had.co.nz/visualize_files/figure-html/unnamed-chunk-34-1.png]
[r4ds.had.co.nz/visualize_files/figure-html/unnamed-chunk-35-1.png]
[r4ds.had.co.nz/visualize_files/figure-html/unnamed-chunk-37-1.png]
[r4ds.had.co.nz/visualize_files/figure-html/unnamed-chunk-37-2.png]
[r4ds.had.co.nz/visualize_files/figure-html/unnamed-chunk-38-1.png]
[r4ds.had.co.nz/visualize_files/figure-html/unnamed-chunk-39-1.png]
[r4ds.had.co.nz/visualize_files/figure-html/unnamed-chunk-39-2.png]
[r4ds.had.co.nz/visualize_files/figure-html/unnamed-chunk-40-1.png]
[r4ds.had.co.nz/visualize_files/figure-html/unnamed-chunk-41-1.png]
[r4ds.had.co.nz/visualize_files/figure-html/unnamed-chunk-42-1.png]
[r4ds.had.co.nz/visualize_files/figure-html/unnamed-chunk-43-1.png]
[r4ds.had.co.nz/visualize_files/figure-html/unnamed-chunk-44-1.png]
[r4ds.had.co.nz/visualize_files/figure-html/unnamed-chunk-45-1.png]
[r4ds.had.co.nz/visualize_files/figure-html/unnamed-chunk-45-2.png]
[r4ds.had.co.nz/visualize_files/figure-html/unnamed-chunk-46-1.png]
[r4ds.had.co.nz/visualize_files/figure-html/unnamed-chunk-46-2.png]
[r4ds.had.co.nz/visualize_files/figure-html/unnamed-chunk-47-1.png]
[r4ds.had.co.nz/visualize_files/figure-html/unnamed-chunk-47-2.png]
[r4ds.had.co.nz/visualize_files/figure-html/unnamed-chunk-48-1.png]
[r4ds.had.co.nz/images/visualization-grammar-1.png]
[r4ds.had.co.nz/images/visualization-grammar-2.png]
[r4ds.had.co.nz/images/visualization-grammar-3.png]
[r4ds.had.co.nz/data-visualisation.html]
[r4ds.had.co.nz/screenshots/rstudio-env.png]
[r4ds.had.co.nz/workflow-basics.html]
[r4ds.had.co.nz/diagrams/transform-logical.png]
[r4ds.had.co.nz/transform_files/figure-html/unnamed-chunk-36-1.png]
[r4ds.had.co.nz/transform_files/figure-html/unnamed-chunk-41-1.png]
[r4ds.had.co.nz/transform_files/figure-html/unnamed-chunk-42-1.png]
[r4ds.had.co.nz/transform_files/figure-html/unnamed-chunk-43-1.png]
[r4ds.had.co.nz/transform.html]
[r4ds.had.co.nz/transform_files/figure-html/unnamed-chunk-44-1.png]
[r4ds.had.co.nz/diagrams/rstudio-editor.png]
[r4ds.had.co.nz/screenshots/rstudio-diagnostic.png]
[r4ds.had.co.nz/screenshots/rstudio-diagnostic-tip.png]
[r4ds.had.co.nz/screenshots/rstudio-diagnostic-warn.png]
[r4ds.had.co.nz/workflow-scripts.html]
[r4ds.had.co.nz/EDA_files/figure-html/unnamed-chunk-2-1.png]
[r4ds.had.co.nz/EDA_files/figure-html/unnamed-chunk-4-1.png]
[r4ds.had.co.nz/EDA_files/figure-html/unnamed-chunk-6-1.png]
[r4ds.had.co.nz/EDA_files/figure-html/unnamed-chunk-7-1.png]
[r4ds.had.co.nz/EDA_files/figure-html/unnamed-chunk-8-1.png]
[r4ds.had.co.nz/EDA_files/figure-html/unnamed-chunk-9-1.png]
[r4ds.had.co.nz/EDA_files/figure-html/unnamed-chunk-10-1.png]
[r4ds.had.co.nz/EDA_files/figure-html/unnamed-chunk-11-1.png]
[r4ds.had.co.nz/EDA_files/figure-html/unnamed-chunk-17-1.png]
[r4ds.had.co.nz/EDA_files/figure-html/unnamed-chunk-19-1.png]
[r4ds.had.co.nz/EDA_files/figure-html/unnamed-chunk-20-1.png]
[r4ds.had.co.nz/EDA_files/figure-html/unnamed-chunk-21-1.png]
[r4ds.had.co.nz/EDA_files/figure-html/unnamed-chunk-22-1.png]
[r4ds.had.co.nz/images/EDA-boxplot.png]
[r4ds.had.co.nz/EDA_files/figure-html/unnamed-chunk-24-1.png]
[r4ds.had.co.nz/EDA_files/figure-html/unnamed-chunk-25-1.png]
[r4ds.had.co.nz/EDA_files/figure-html/unnamed-chunk-26-1.png]
[r4ds.had.co.nz/EDA_files/figure-html/unnamed-chunk-27-1.png]
[r4ds.had.co.nz/EDA_files/figure-html/unnamed-chunk-28-1.png]
[r4ds.had.co.nz/EDA_files/figure-html/unnamed-chunk-30-1.png]
[r4ds.had.co.nz/EDA_files/figure-html/unnamed-chunk-31-1.png]
[r4ds.had.co.nz/EDA_files/figure-html/unnamed-chunk-32-1.png]
[r4ds.had.co.nz/EDA_files/figure-html/unnamed-chunk-33-1.png]
[r4ds.had.co.nz/EDA_files/figure-html/unnamed-chunk-33-2.png]
[r4ds.had.co.nz/EDA_files/figure-html/unnamed-chunk-34-1.png]
[r4ds.had.co.nz/EDA_files/figure-html/unnamed-chunk-35-1.png]
[r4ds.had.co.nz/EDA_files/figure-html/unnamed-chunk-36-1.png]
[r4ds.had.co.nz/EDA_files/figure-html/unnamed-chunk-37-1.png]
[r4ds.had.co.nz/EDA_files/figure-html/unnamed-chunk-38-1.png]
[r4ds.had.co.nz/EDA_files/figure-html/unnamed-chunk-39-1.png]
[r4ds.had.co.nz/exploratory-data-analysis.html]
[r4ds.had.co.nz/screenshots/rstudio-workspace.png]
[r4ds.had.co.nz/screenshots/rstudio-wd.png]
[r4ds.had.co.nz/screenshots/rstudio-project-1.png]
[r4ds.had.co.nz/screenshots/rstudio-project-2.png]
[r4ds.had.co.nz/screenshots/rstudio-project-3.png]
[r4ds.had.co.nz/workflow-projects.html]
[r4ds.had.co.nz/diagrams/data-science-wrangle.png]
[r4ds.had.co.nz/wrangle-intro.html]
[r4ds.had.co.nz/tibbles.html]
[r4ds.had.co.nz/data-import.html]
[r4ds.had.co.nz/images/tidy-1.png]
[r4ds.had.co.nz/tidy_files/figure-html/unnamed-chunk-3-1.png]
[r4ds.had.co.nz/images/tidy-9.png]
[r4ds.had.co.nz/images/tidy-8.png]
[r4ds.had.co.nz/images/tidy-17.png]
[r4ds.had.co.nz/images/tidy-18.png]
[r4ds.had.co.nz/tidy-data.html]
[r4ds.had.co.nz/diagrams/relational-nycflights.png]
[r4ds.had.co.nz/diagrams/join-setup.png]
[r4ds.had.co.nz/diagrams/join-setup2.png]
[r4ds.had.co.nz/diagrams/join-inner.png]
[r4ds.had.co.nz/diagrams/join-outer.png]
[r4ds.had.co.nz/diagrams/join-venn.png]
[r4ds.had.co.nz/diagrams/join-one-to-many.png]
[r4ds.had.co.nz/diagrams/join-many-to-many.png]
[r4ds.had.co.nz/diagrams/join-semi.png]
[r4ds.had.co.nz/diagrams/join-semi-many.png]
[r4ds.had.co.nz/relational-data.html]
[r4ds.had.co.nz/diagrams/join-anti.png]
[r4ds.had.co.nz/strings.html]
[r4ds.had.co.nz/screenshots/stringr-autocomplete.png]
[r4ds.had.co.nz/factors_files/figure-html/unnamed-chunk-14-1.png]
[r4ds.had.co.nz/factors_files/figure-html/unnamed-chunk-15-1.png]
[r4ds.had.co.nz/factors_files/figure-html/unnamed-chunk-16-1.png]
[r4ds.had.co.nz/factors_files/figure-html/unnamed-chunk-17-1.png]
[r4ds.had.co.nz/factors_files/figure-html/unnamed-chunk-19-1.png]
[r4ds.had.co.nz/factors_files/figure-html/unnamed-chunk-20-1.png]
[r4ds.had.co.nz/factors_files/figure-html/unnamed-chunk-21-1.png]
[r4ds.had.co.nz/factors_files/figure-html/unnamed-chunk-21-2.png]
[r4ds.had.co.nz/factors_files/figure-html/unnamed-chunk-22-1.png]
[r4ds.had.co.nz/factors.html]
[r4ds.had.co.nz/datetimes_files/figure-html/unnamed-chunk-10-1.png]
[r4ds.had.co.nz/datetimes_files/figure-html/unnamed-chunk-11-1.png]
[r4ds.had.co.nz/datetimes_files/figure-html/unnamed-chunk-18-1.png]
[r4ds.had.co.nz/datetimes_files/figure-html/unnamed-chunk-19-1.png]
[r4ds.had.co.nz/datetimes_files/figure-html/unnamed-chunk-20-1.png]
[r4ds.had.co.nz/datetimes_files/figure-html/unnamed-chunk-21-1.png]
[r4ds.had.co.nz/datetimes_files/figure-html/unnamed-chunk-22-1.png]
[r4ds.had.co.nz/datetimes_files/figure-html/unnamed-chunk-26-1.png]
[r4ds.had.co.nz/dates-and-times.html]
[r4ds.had.co.nz/diagrams/datetimes-arithmetic.png]
[r4ds.had.co.nz/program-intro.html]
[r4ds.had.co.nz/diagrams/data-science-program.png]
[r4ds.had.co.nz/pipes_files/figure-html/unnamed-chunk-13-1.png]
[r4ds.had.co.nz/pipes_files/figure-html/unnamed-chunk-13-2.png]
[r4ds.had.co.nz/pipes.html]
[r4ds.had.co.nz/functions.html]
[r4ds.had.co.nz/screenshots/rstudio-nav.png]
[r4ds.had.co.nz/diagrams/data-structures-overview.png]
[r4ds.had.co.nz/diagrams/lists-structure.png]
[r4ds.had.co.nz/diagrams/lists-subsetting.png]
[r4ds.had.co.nz/images/pepper.jpg]
[r4ds.had.co.nz/images/pepper-1.jpg]
[r4ds.had.co.nz/images/pepper-2.jpg]
[r4ds.had.co.nz/images/pepper-3.jpg]
[r4ds.had.co.nz/vectors.html]
[r4ds.had.co.nz/diagrams/lists-map2.png]
[r4ds.had.co.nz/diagrams/lists-pmap-unnamed.png]
[r4ds.had.co.nz/diagrams/lists-pmap-named.png]
[r4ds.had.co.nz/iteration.html]
[r4ds.had.co.nz/diagrams/lists-invoke.png]
[r4ds.had.co.nz/diagrams/data-science-model.png]
[r4ds.had.co.nz/model-intro.html]
[r4ds.had.co.nz/model-basics_files/figure-html/unnamed-chunk-2-1.png]
[r4ds.had.co.nz/model-basics_files/figure-html/unnamed-chunk-3-1.png]
[r4ds.had.co.nz/model-basics_files/figure-html/unnamed-chunk-4-1.png]
[r4ds.had.co.nz/model-basics_files/figure-html/unnamed-chunk-8-1.png]
[r4ds.had.co.nz/model-basics_files/figure-html/unnamed-chunk-9-1.png]
[r4ds.had.co.nz/model-basics_files/figure-html/unnamed-chunk-10-1.png]
[r4ds.had.co.nz/model-basics_files/figure-html/unnamed-chunk-11-1.png]
[r4ds.had.co.nz/model-basics_files/figure-html/unnamed-chunk-12-1.png]
[r4ds.had.co.nz/model-basics_files/figure-html/unnamed-chunk-19-1.png]
[r4ds.had.co.nz/model-basics_files/figure-html/unnamed-chunk-21-1.png]
[r4ds.had.co.nz/model-basics_files/figure-html/unnamed-chunk-22-1.png]
[r4ds.had.co.nz/model-basics_files/figure-html/unnamed-chunk-27-1.png]
[r4ds.had.co.nz/model-basics_files/figure-html/unnamed-chunk-29-1.png]
[r4ds.had.co.nz/model-basics_files/figure-html/unnamed-chunk-31-1.png]
[r4ds.had.co.nz/model-basics_files/figure-html/unnamed-chunk-34-1.png]
[r4ds.had.co.nz/model-basics_files/figure-html/unnamed-chunk-35-1.png]
[r4ds.had.co.nz/model-basics_files/figure-html/unnamed-chunk-40-1.png]
[r4ds.had.co.nz/model-basics_files/figure-html/unnamed-chunk-41-1.png]
[r4ds.had.co.nz/model-basics_files/figure-html/unnamed-chunk-41-2.png]
[r4ds.had.co.nz/model-basics_files/figure-html/unnamed-chunk-45-1.png]
[r4ds.had.co.nz/model-basics.html]
[r4ds.had.co.nz/model-basics_files/figure-html/unnamed-chunk-46-1.png]
[r4ds.had.co.nz/model-building_files/figure-html/unnamed-chunk-2-1.png]
[r4ds.had.co.nz/model-building_files/figure-html/unnamed-chunk-2-2.png]
[r4ds.had.co.nz/model-building_files/figure-html/unnamed-chunk-2-3.png]
[r4ds.had.co.nz/model-building_files/figure-html/unnamed-chunk-3-1.png]
[r4ds.had.co.nz/model-building_files/figure-html/unnamed-chunk-5-1.png]
[r4ds.had.co.nz/model-building_files/figure-html/unnamed-chunk-7-1.png]
[r4ds.had.co.nz/model-building_files/figure-html/unnamed-chunk-8-1.png]
[r4ds.had.co.nz/model-building_files/figure-html/unnamed-chunk-9-1.png]
[r4ds.had.co.nz/model-building_files/figure-html/unnamed-chunk-9-2.png]
[r4ds.had.co.nz/model-building_files/figure-html/unnamed-chunk-9-3.png]
[r4ds.had.co.nz/model-building_files/figure-html/unnamed-chunk-11-1.png]
[r4ds.had.co.nz/model-building_files/figure-html/unnamed-chunk-12-1.png]
[r4ds.had.co.nz/model-building_files/figure-html/unnamed-chunk-14-1.png]
[r4ds.had.co.nz/model-building_files/figure-html/unnamed-chunk-15-1.png]
[r4ds.had.co.nz/model-building_files/figure-html/unnamed-chunk-16-1.png]
[r4ds.had.co.nz/model-building_files/figure-html/unnamed-chunk-17-1.png]
[r4ds.had.co.nz/model-building_files/figure-html/unnamed-chunk-18-1.png]
[r4ds.had.co.nz/model-building_files/figure-html/unnamed-chunk-20-1.png]
[r4ds.had.co.nz/model-building_files/figure-html/unnamed-chunk-21-1.png]
[r4ds.had.co.nz/model-building_files/figure-html/unnamed-chunk-22-1.png]
[r4ds.had.co.nz/model-building_files/figure-html/unnamed-chunk-23-1.png]
[r4ds.had.co.nz/model-building_files/figure-html/unnamed-chunk-24-1.png]
[r4ds.had.co.nz/model-building_files/figure-html/unnamed-chunk-25-1.png]
[r4ds.had.co.nz/model-building_files/figure-html/unnamed-chunk-26-1.png]
[r4ds.had.co.nz/model-building.html]
[r4ds.had.co.nz/model-building_files/figure-html/unnamed-chunk-29-1.png]
[r4ds.had.co.nz/model-many_files/figure-html/unnamed-chunk-3-1.png]
[r4ds.had.co.nz/model-many_files/figure-html/unnamed-chunk-4-1.png]
[r4ds.had.co.nz/model-many_files/figure-html/unnamed-chunk-4-2.png]
[r4ds.had.co.nz/model-many_files/figure-html/unnamed-chunk-4-3.png]
[r4ds.had.co.nz/model-many_files/figure-html/unnamed-chunk-13-1.png]
[r4ds.had.co.nz/model-many_files/figure-html/unnamed-chunk-14-1.png]
[r4ds.had.co.nz/model-many_files/figure-html/unnamed-chunk-19-1.png]
[r4ds.had.co.nz/model-many_files/figure-html/unnamed-chunk-20-1.png]
[r4ds.had.co.nz/many-models.html]
[r4ds.had.co.nz/diagrams/data-science-communicate.png]
[r4ds.had.co.nz/communicate-intro.html]
[r4ds.had.co.nz/rmarkdown/diamond-sizes-notebook.png]
[r4ds.had.co.nz/rmarkdown/diamond-sizes-report.png]
[r4ds.had.co.nz/images/RMarkdownFlow.png]
[r4ds.had.co.nz/r-markdown.html]
[r4ds.had.co.nz/screenshots/rmarkdown-chunk-nav.png]
[r4ds.had.co.nz/communicate-plots_files/figure-html/unnamed-chunk-3-1.png]
[r4ds.had.co.nz/communicate-plots_files/figure-html/unnamed-chunk-4-1.png]
[r4ds.had.co.nz/communicate-plots_files/figure-html/unnamed-chunk-5-1.png]
[r4ds.had.co.nz/communicate-plots_files/figure-html/unnamed-chunk-6-1.png]
[r4ds.had.co.nz/communicate-plots_files/figure-html/unnamed-chunk-7-1.png]
[r4ds.had.co.nz/communicate-plots_files/figure-html/unnamed-chunk-8-1.png]
[r4ds.had.co.nz/communicate-plots_files/figure-html/unnamed-chunk-9-1.png]
[r4ds.had.co.nz/communicate-plots_files/figure-html/unnamed-chunk-10-1.png]
[r4ds.had.co.nz/communicate-plots_files/figure-html/unnamed-chunk-11-1.png]
[r4ds.had.co.nz/communicate-plots_files/figure-html/unnamed-chunk-12-1.png]
[r4ds.had.co.nz/communicate-plots_files/figure-html/just-1.png]
[r4ds.had.co.nz/communicate-plots_files/figure-html/unnamed-chunk-15-1.png]
[r4ds.had.co.nz/communicate-plots_files/figure-html/unnamed-chunk-16-1.png]
[r4ds.had.co.nz/communicate-plots_files/figure-html/unnamed-chunk-17-1.png]
[r4ds.had.co.nz/communicate-plots_files/figure-html/unnamed-chunk-18-1.png]
[r4ds.had.co.nz/communicate-plots_files/figure-html/unnamed-chunk-18-2.png]
[r4ds.had.co.nz/communicate-plots_files/figure-html/unnamed-chunk-18-3.png]
[r4ds.had.co.nz/communicate-plots_files/figure-html/unnamed-chunk-18-4.png]
[r4ds.had.co.nz/communicate-plots_files/figure-html/unnamed-chunk-19-1.png]
[r4ds.had.co.nz/communicate-plots_files/figure-html/unnamed-chunk-20-1.png]
[r4ds.had.co.nz/communicate-plots_files/figure-html/unnamed-chunk-20-2.png]
[r4ds.had.co.nz/communicate-plots_files/figure-html/unnamed-chunk-21-1.png]
[r4ds.had.co.nz/communicate-plots_files/figure-html/unnamed-chunk-22-1.png]
[r4ds.had.co.nz/communicate-plots_files/figure-html/unnamed-chunk-22-2.png]
[r4ds.had.co.nz/communicate-plots_files/figure-html/unnamed-chunk-23-1.png]
[r4ds.had.co.nz/communicate-plots_files/figure-html/brewer-1.png]
[r4ds.had.co.nz/communicate-plots_files/figure-html/unnamed-chunk-24-1.png]
[r4ds.had.co.nz/communicate-plots_files/figure-html/unnamed-chunk-25-1.png]
[r4ds.had.co.nz/communicate-plots_files/figure-html/unnamed-chunk-25-2.png]
[r4ds.had.co.nz/communicate-plots_files/figure-html/unnamed-chunk-27-1.png]
[r4ds.had.co.nz/communicate-plots_files/figure-html/unnamed-chunk-28-1.png]
[r4ds.had.co.nz/communicate-plots_files/figure-html/unnamed-chunk-28-2.png]
[r4ds.had.co.nz/communicate-plots_files/figure-html/unnamed-chunk-29-1.png]
[r4ds.had.co.nz/communicate-plots_files/figure-html/unnamed-chunk-29-2.png]
[r4ds.had.co.nz/communicate-plots_files/figure-html/unnamed-chunk-30-1.png]
[r4ds.had.co.nz/communicate-plots_files/figure-html/unnamed-chunk-30-2.png]
[r4ds.had.co.nz/communicate-plots_files/figure-html/unnamed-chunk-31-1.png]
[r4ds.had.co.nz/images/visualization-themes.png]
[r4ds.had.co.nz/communicate-plots_files/figure-html/unnamed-chunk-32-1.png]
[r4ds.had.co.nz/communicate-plots_files/figure-html/unnamed-chunk-35-1.png]
[r4ds.had.co.nz/communicate-plots_files/figure-html/unnamed-chunk-36-1.png]
[r4ds.had.co.nz/communicate-plots_files/figure-html/unnamed-chunk-37-1.png]
[r4ds.had.co.nz/graphics-for-communication.html]
[r4ds.had.co.nz/screenshots/rmarkdown-knit.png]
[r4ds.had.co.nz/screenshots/rmarkdown-flexdashboard.png]
[r4ds.had.co.nz/screenshots/rmarkdown-shiny.png]
[r4ds.had.co.nz/r-markdown-formats.html]
[r4ds.had.co.nz/r-markdown-workflow.html]
[r4ds.had.co.nz/diamond-prices.html]
[r4ds.had.co.nz/communicate-plots_files/figure-html/unnamed-chunk-19-1.png]
